{"bindings":{"ruby":{"kernels":[{"attrs":{},"impl":"->(a, b) { a * b }","kernel_id":"core.mul"},{"attrs":{"identity":0},"impl":"->(a,b) { a + b }","kernel_id":"agg.sum"}]}},"capabilities":{"layout":"nested_array"},"declarations":[{"axes":["array_of_arrays","array_of_objects_with_array_field","array_field","array_field_two"],"axis_carriers":[{"axis":"array_field","via_path":["array_of_arrays","array_of_objects_with_array_field","array_field"]},{"axis":"array_field_two","via_path":["array_of_arrays","array_of_objects_with_array_field","array_field","hash_inside_array","array_field_two"]},{"axis":"array_of_arrays","via_path":["array_of_arrays"]},{"axis":"array_of_objects_with_array_field","via_path":["array_of_arrays","array_of_objects_with_array_field"]}],"inlining_decisions":{},"name":"numbers_mult_10","operations":[{"args":[["array_of_arrays","array_of_objects_with_array_field","array_field","hash_inside_array","array_field_two","number"]],"attrs":{},"id":0,"op":"LoadInput"},{"args":[10],"attrs":{},"id":1,"op":"Const"},{"args":[0,1],"attrs":{"fn":"core.mul"},"id":2,"op":"Map"}],"parameters":[{"kind":"input","path":["array_of_arrays","array_of_objects_with_array_field","array_field","hash_inside_array","array_field_two","number"]}],"reduce_plans":[],"result_op_id":2,"site_schedule":{"by_depth":[{"depth":0,"ops":[{"id":1,"kind":"const"}]},{"depth":1,"ops":[]},{"depth":2,"ops":[]},{"depth":3,"ops":[]},{"depth":4,"ops":[{"id":0,"kind":"loadinput"},{"id":2,"kind":"map"}]}],"hoisted_scalars":[{"id":1,"kind":"const"}],"max_depth":4,"root_reduces":[]}},{"axes":["array_of_arrays","array_of_objects_with_array_field","array_field"],"axis_carriers":[{"axis":"array_field","via_path":["array_of_arrays","array_of_objects_with_array_field","array_field"]},{"axis":"array_of_arrays","via_path":["array_of_arrays"]},{"axis":"array_of_objects_with_array_field","via_path":["array_of_arrays","array_of_objects_with_array_field"]}],"inlining_decisions":{"op_3":{"decision":"inline","producer":"numbers_mult_10","use_site_axes":["array_of_arrays","array_of_objects_with_array_field","array_field","array_field_two"]}},"name":"sum_of_nums","operations":[{"args":["numbers_mult_10"],"attrs":{},"id":3,"op":"LoadDeclaration"},{"args":[3],"attrs":{"axis":"array_field_two","fn":"agg.sum"},"id":4,"op":"Reduce"}],"parameters":[{"kind":"dependency","source":"numbers_mult_10"}],"reduce_plans":[{"arg_id":3,"axis":"array_field_two","bind_depth":3,"contrib_depth":4,"nested":false,"op_id":4,"reducer_fn":"agg.sum","reset_depth":3,"result_depth":3,"via_path":["array_of_arrays","array_of_objects_with_array_field","array_field","hash_inside_array","array_field_two"]}],"result_op_id":4,"site_schedule":{"by_depth":[{"depth":0,"ops":[]},{"depth":1,"ops":[]},{"depth":2,"ops":[]},{"depth":3,"ops":[{"id":4,"kind":"reduce"}]},{"depth":4,"ops":[{"id":3,"kind":"loaddeclaration"}]}],"hoisted_scalars":[],"max_depth":4,"root_reduces":[]}}],"hashes":{"bindings":"d8833d4cf5e7a490cb6cdefc47365ddc6c29b932547098d4e155b65f2f841a36","declarations":"52ee61a5b425c9f5fdfddeb50014cbbf865f202dc79538f8a29fd7c14b4353ee","inputs":"1b3d6b8d2d890e166184b49c147df84d1bdd65f8a9e3b824b8d4bd69912415f5"},"inputs":[{"accessor_name":"array_of_arrays","axes":["array_of_arrays"],"navigation_steps":[{"axes":"array_of_arrays","key":"array_of_arrays","kind":"array_field","loop_idx":0,"path":["array_of_arrays"]}],"dtype":"array","leaf_nav":[],"name":"array_of_arrays","path_fqn":"array_of_arrays","terminal":{"dtype":"array","key_policy":"indifferent","kind":"none","on_missing":"error"}},{"accessor_name":"array_of_arrays_array_of_objects_with_array_field","axes":["array_of_arrays","array_of_objects_with_array_field"],"navigation_steps":[{"axes":"array_of_arrays","key":"array_of_arrays","kind":"array_field","loop_idx":0,"path":["array_of_arrays"]},{"alias":"array_of_objects_with_array_field","axes":"array_of_objects_with_array_field","kind":"array_element","loop_idx":1,"path":["array_of_arrays","array_of_objects_with_array_field"]}],"dtype":"array","leaf_nav":[],"name":"array_of_arrays.array_of_objects_with_array_field","path_fqn":"array_of_arrays.array_of_objects_with_array_field","terminal":{"dtype":"array","key_policy":"indifferent","kind":"none","on_missing":"error"}},{"accessor_name":"array_of_arrays_array_of_objects_with_array_field_array_field","axes":["array_of_arrays","array_of_objects_with_array_field","array_field"],"navigation_steps":[{"axes":"array_of_arrays","key":"array_of_arrays","kind":"array_field","loop_idx":0,"path":["array_of_arrays"]},{"alias":"array_of_objects_with_array_field","axes":"array_of_objects_with_array_field","kind":"array_element","loop_idx":1,"path":["array_of_arrays","array_of_objects_with_array_field"]},{"axes":"array_field","key":"array_field","kind":"array_field","loop_idx":2,"path":["array_of_arrays","array_of_objects_with_array_field","array_field"]}],"dtype":"array","leaf_nav":[],"name":"array_of_arrays.array_of_objects_with_array_field.array_field","path_fqn":"array_of_arrays.array_of_objects_with_array_field.array_field","terminal":{"dtype":"array","key_policy":"indifferent","kind":"none","on_missing":"error"}},{"accessor_name":"array_of_arrays_array_of_objects_with_array_field_array_field_hash_inside_array","axes":["array_of_arrays","array_of_objects_with_array_field","array_field"],"navigation_steps":[{"axes":"array_of_arrays","key":"array_of_arrays","kind":"array_field","loop_idx":0,"path":["array_of_arrays"]},{"alias":"array_of_objects_with_array_field","axes":"array_of_objects_with_array_field","kind":"array_element","loop_idx":1,"path":["array_of_arrays","array_of_objects_with_array_field"]},{"axes":"array_field","key":"array_field","kind":"array_field","loop_idx":2,"path":["array_of_arrays","array_of_objects_with_array_field","array_field"]}],"dtype":"hash","leaf_nav":[{"key":"hash_inside_array","kind":"field_leaf"}],"name":"array_of_arrays.array_of_objects_with_array_field.array_field.hash_inside_array","path_fqn":"array_of_arrays.array_of_objects_with_array_field.array_field.hash_inside_array","terminal":{"dtype":"hash","key_policy":"indifferent","kind":"none","on_missing":"error"}},{"accessor_name":"array_of_arrays_array_of_objects_with_array_field_array_field_hash_inside_array_array_field_two","axes":["array_of_arrays","array_of_objects_with_array_field","array_field","array_field_two"],"navigation_steps":[{"axes":"array_of_arrays","key":"array_of_arrays","kind":"array_field","loop_idx":0,"path":["array_of_arrays"]},{"alias":"array_of_objects_with_array_field","axes":"array_of_objects_with_array_field","kind":"array_element","loop_idx":1,"path":["array_of_arrays","array_of_objects_with_array_field"]},{"axes":"array_field","key":"array_field","kind":"array_field","loop_idx":2,"path":["array_of_arrays","array_of_objects_with_array_field","array_field"]},{"axes":"array_field_two","key":"array_field_two","kind":"array_field","loop_idx":3,"path":["array_of_arrays","array_of_objects_with_array_field","array_field","hash_inside_array","array_field_two"]}],"dtype":"array","leaf_nav":[],"name":"array_of_arrays.array_of_objects_with_array_field.array_field.hash_inside_array.array_field_two","path_fqn":"array_of_arrays.array_of_objects_with_array_field.array_field.hash_inside_array.array_field_two","terminal":{"dtype":"array","key_policy":"indifferent","kind":"none","on_missing":"error"}},{"accessor_name":"array_of_arrays_array_of_objects_with_array_field_array_field_hash_inside_array_array_field_two_number","axes":["array_of_arrays","array_of_objects_with_array_field","array_field","array_field_two"],"navigation_steps":[{"axes":"array_of_arrays","key":"array_of_arrays","kind":"array_field","loop_idx":0,"path":["array_of_arrays"]},{"alias":"array_of_objects_with_array_field","axes":"array_of_objects_with_array_field","kind":"array_element","loop_idx":1,"path":["array_of_arrays","array_of_objects_with_array_field"]},{"axes":"array_field","key":"array_field","kind":"array_field","loop_idx":2,"path":["array_of_arrays","array_of_objects_with_array_field","array_field"]},{"axes":"array_field_two","key":"array_field_two","kind":"array_field","loop_idx":3,"path":["array_of_arrays","array_of_objects_with_array_field","array_field","hash_inside_array","array_field_two"]}],"dtype":"integer","leaf_nav":[],"name":"array_of_arrays.array_of_objects_with_array_field.array_field.hash_inside_array.array_field_two.number","path_fqn":"array_of_arrays.array_of_objects_with_array_field.array_field.hash_inside_array.array_field_two.number","terminal":{"dtype":"integer","key_policy":"indifferent","kind":"element_leaf","on_missing":"error"}}],"module_id":"schema_module","pack_version":"0.1"}