{
  "subtotal": 300.0,
  "price_after_discount": 270.0,
  "discount_amt": 30.0,
  "final_total": 310.5
}
