(NAST
  (VALUE sum_numbers
    (Call :"agg.sum"
    (InputRef [:numbers, :num, :value])
  )
  )
  (VALUE matrix_sums
    (Call :"agg.sum"
    (InputRef [:matrix, :m, :row, :r, :cell])
  )
  )
  (VALUE mixed_array
    (Tuple
    (InputRef [:scalar_val])
    (Ref sum_numbers)
    (InputRef [:matrix, :m, :row, :r, :cell])
  )
  )
  (VALUE constant
    (Const 42)
  )
)