{"bindings":{},"capabilities":{"layout":"nested_array"},"hashes":{"bindings":"44136fa355b3678a1146ad16f7e8649e94fb4fc21fe77e8310c060f61caaff8a","inputs":"4f53cda18c2baa0c0354bb5f9a3ecbe5ed12ab4d8e11ba873c2f11161202b945","ops_by_decl":"07d6285ce9f53264c694f38bbee41251af35e239c9590e61df9f10e21697b19e","plan":"48ba19289026752451c527e105af00ce47a8dda540b08d7ee04a539ed793cce2"},"inputs":[],"module_id":"schema_module","ops_by_decl":{"constant":{"operations":[{"args":[42],"attrs":{},"id":0,"op":"Const"}],"result":0},"matrix_sums":{"operations":[{"args":[["matrix","row","cell"]],"attrs":{},"id":0,"op":"LoadInput"},{"args":[0],"attrs":{"axis":"row","fn":"agg.sum"},"id":1,"op":"Reduce"}],"result":1},"mixed_array":{"operations":[{"args":[["scalar_val"]],"attrs":{},"id":0,"op":"LoadInput"},{"args":["sum_numbers"],"attrs":{},"id":1,"op":"LoadDeclaration"},{"args":[["matrix","row","cell"]],"attrs":{},"id":2,"op":"LoadInput"},{"args":[0,1,2],"attrs":{},"id":3,"op":"ConstructTuple"}],"result":3},"sum_numbers":{"operations":[{"args":[["numbers","value"]],"attrs":{},"id":0,"op":"LoadInput"},{"args":[0],"attrs":{"axis":"numbers","fn":"agg.sum"},"id":1,"op":"Reduce"}],"result":1}},"pack_version":"0.1","plan":{"declarations":{"constant":{"axes":[],"axis_carriers":[],"inlining_decisions":{},"name":"constant","parameters":[],"reduce_plans":[],"result_id":0,"site_schedule":{"by_depth":[{"depth":0,"ops":[{"id":0,"kind":"const"}]}],"hoisted_scalars":[{"id":0,"kind":"const"}],"max_depth":0,"root_reduces":[]}},"matrix_sums":{"axes":["matrix"],"axis_carriers":[{"axis":"matrix","via_path":["matrix"]}],"inlining_decisions":{},"name":"matrix_sums","parameters":[{"kind":"input","path":["matrix","row","cell"]}],"reduce_plans":[{"arg_id":0,"axis":"row","op_id":0,"reducer_fn":"agg.sum","result_depth":1,"via_path":["matrix","row"]}],"result_id":1,"site_schedule":{"by_depth":[{"depth":0,"ops":[]},{"depth":1,"ops":[{"id":1,"kind":"reduce"}]},{"depth":2,"ops":[{"id":0,"kind":"loadinput"}]}],"hoisted_scalars":[],"max_depth":2,"root_reduces":[]}},"mixed_array":{"axes":[],"axis_carriers":[],"inlining_decisions":{"op_1":{"decision":"inline","producer":"sum_numbers","use_site_axes":[]}},"name":"mixed_array","parameters":[{"kind":"input","path":["scalar_val"]},{"kind":"input","path":["matrix","row","cell"]},{"kind":"dependency","source":"sum_numbers"}],"reduce_plans":[],"result_id":3,"site_schedule":{"by_depth":[{"depth":0,"ops":[{"id":0,"kind":"loadinput"},{"id":1,"kind":"loaddeclaration"},{"id":3,"kind":"constructtuple"}]},{"depth":1,"ops":[]},{"depth":2,"ops":[{"id":2,"kind":"loadinput"}]}],"hoisted_scalars":[{"id":0,"kind":"loadinput"},{"id":1,"kind":"loaddeclaration"},{"id":3,"kind":"constructtuple"}],"max_depth":2,"root_reduces":[]}},"sum_numbers":{"axes":[],"axis_carriers":[],"inlining_decisions":{},"name":"sum_numbers","parameters":[{"kind":"input","path":["numbers","value"]}],"reduce_plans":[{"arg_id":0,"axis":"numbers","op_id":0,"reducer_fn":"agg.sum","result_depth":0,"via_path":["numbers"]}],"result_id":1,"site_schedule":{"by_depth":[{"depth":0,"ops":[{"id":1,"kind":"reduce"}]},{"depth":1,"ops":[{"id":0,"kind":"loadinput"}]}],"hoisted_scalars":[],"max_depth":1,"root_reduces":[{"id":1,"kind":"reduce"}]}}},"module_spec":{"declarations":["sum_numbers","matrix_sums","mixed_array","constant"],"inputs":[{"accessor_name":"at_numbers","axes":["numbers"],"consumes_axes":["numbers"],"dtype":"array","path":["numbers"]},{"accessor_name":"at_numbers_value","axes":["numbers"],"consumes_axes":["numbers"],"dtype":"integer","path":["numbers","value"]},{"accessor_name":"at_scalar_val","axes":[],"consumes_axes":[],"dtype":"integer","path":["scalar_val"]},{"accessor_name":"at_matrix","axes":["matrix"],"consumes_axes":["matrix"],"dtype":"array","path":["matrix"]},{"accessor_name":"at_matrix_row","axes":["matrix","row"],"consumes_axes":["matrix","row"],"dtype":"array","path":["matrix","row"]},{"accessor_name":"at_matrix_row_cell","axes":["matrix","row"],"consumes_axes":["matrix","row"],"dtype":"float","path":["matrix","row","cell"]}],"modname":"schema_module","version":"0.1"},"version":"0.1"}}