tax_rate: integer
order_items: array (array) access_mode=element
  └─> item: element_access
  item: hash (hash)
    └─> quantity: property_access
    └─> unit_price: property_access
    quantity: integer
    unit_price: integer