{
    "out": {
        "x": 6.0,
        "y": 30.0,
        "t": 12.0
    }
}