{
  "ir_ref": "sha256:54310b9673b4860221647063b27d376ceb3c4ad97a243cb1aba901c207489c18",
  "target": "ruby",
  "registry_ref": "sha256:094277b8290663754eea485c880d1596b13594e6d3ddf00bdaf28bf4f2e104a5",
  "bindings": [{"decl":"double","op":2,"fn":"core.mul","kernel_id":"core.mul:ruby:v1","impl":"->(a, b) { a * b }"}]
}