{
  "version": "0.1",
  "module": "schema_module",
  "declarations": {
    "double": {
      "name": "double",
      "parameters": [{"kind":"input","path":["x","y","z"]}],
      "operations": [
        {"id":0,"op":"LoadInput","args":[["x","y","z"]],"stamp":{"dtype":"integer","axes":[]}},
        {"id":1,"op":"Const","args":[2],"stamp":{"dtype":"integer","axes":[]}},
        {"id":2,"op":"Map","args":[0,1],"stamp":{"dtype":"integer","axes":[]},"attrs":{"fn":"core.mul"}}
      ],
      "result": 2
    }
  },
  "analysis": {
    "defaults": {"key_policy":"indifferent","on_missing":"error"},
    "inputs": [
      {
        "path": ["x"],
        "axes": [],
        "dtype": "hash",
        "key_policy": "indifferent",
        "on_missing": "error",
        "navigation_steps": [],
        "leaf_nav": [{"kind":"field_leaf","key":"x"}],
        "terminal": {"kind":"none","dtype":"hash","key_policy":"indifferent","on_missing":"error"},
        "path_fqn": "x"
      },
      {
        "path": ["x","y"],
        "axes": [],
        "dtype": "hash",
        "key_policy": "indifferent",
        "on_missing": "error",
        "navigation_steps": [],
        "leaf_nav": [{"kind":"field_leaf","key":"x"},{"kind":"field_leaf","key":"y"}],
        "terminal": {"kind":"none","dtype":"hash","key_policy":"indifferent","on_missing":"error"},
        "path_fqn": "x.y"
      },
      {
        "path": ["x","y","z"],
        "axes": [],
        "dtype": "integer",
        "key_policy": "indifferent",
        "on_missing": "error",
        "navigation_steps": [],
        "leaf_nav": [{"kind":"field_leaf","key":"x"},{"kind":"field_leaf","key":"y"},{"kind":"field_leaf","key":"z"}],
        "terminal": {"kind":"none","dtype":"integer","key_policy":"indifferent","on_missing":"error"},
        "path_fqn": "x.y.z"
      }
    ]
  }
}