(SNAST
  (VALUE double
    (Call :core.mul
      (InputRef x.y.z key_chain=[]) :: [] -> integer
      (Const 2) :: [] -> integer
    ) :: [] -> integer
  ) :: [] -> integer
)