{
  "organization": {
    "name": "TechCorp Inc",
    "regions": [
      {
        "region_name": "North America", 
        "headquarters": {
          "city": "San Francisco",
          "buildings": [
            {
              "building_name": "Main Campus",
              "facilities": {
                "facility_type": "Office",
                "capacity": 500,
                "utilization_rate": 0.85
              }
            },
            {
              "building_name": "Research Lab",
              "facilities": {
                "facility_type": "Laboratory", 
                "capacity": 200,
                "utilization_rate": 0.92
              }
            }
          ]
        }
      },
      {
        "region_name": "Europe",
        "headquarters": {
          "city": "London", 
          "buildings": [
            {
              "building_name": "European HQ",
              "facilities": {
                "facility_type": "Office",
                "capacity": 300,
                "utilization_rate": 0.78
              }
            }
          ]
        }
      }
    ]
  }
}