(LIR
  (Declaration tax_result
    %t1 = load_input "amount" :: decimal
    %t2 = importschemacall %t1 fn_name="tax" source_module="Kumi::TestSharedSchemas::Tax" input_mapping_keys=["amount"] :: float
    yield %t2
  )
  (Declaration total
    %t3 = load_input "amount" :: decimal
    %t6 = load_input "amount" :: decimal
    %t7 = importschemacall %t6 fn_name="tax" source_module="Kumi::TestSharedSchemas::Tax" input_mapping_keys=["amount"] :: float
    %t5 = call core.add(%t3, %t7) :: float
    yield %t5
  )
)
